Archive member included to satisfy reference by file (symbol)

d:/ira/programs/eclipse/plugins/fr.ac6.mcu.externaltools.arm-none.win32_1.15.0.201708311556/tools/compiler/bin/../lib/gcc/arm-none-eabi/6.3.1/../../../../arm-none-eabi/lib/thumb/v7e-m/fpv4-sp/hard\libc_nano.a(lib_a-exit.o)
                              d:/ira/programs/eclipse/plugins/fr.ac6.mcu.externaltools.arm-none.win32_1.15.0.201708311556/tools/compiler/bin/../lib/gcc/arm-none-eabi/6.3.1/../../../../arm-none-eabi/lib/thumb/v7e-m/fpv4-sp/hard/crt0.o (exit)
d:/ira/programs/eclipse/plugins/fr.ac6.mcu.externaltools.arm-none.win32_1.15.0.201708311556/tools/compiler/bin/../lib/gcc/arm-none-eabi/6.3.1/../../../../arm-none-eabi/lib/thumb/v7e-m/fpv4-sp/hard\libc_nano.a(lib_a-impure.o)
                              d:/ira/programs/eclipse/plugins/fr.ac6.mcu.externaltools.arm-none.win32_1.15.0.201708311556/tools/compiler/bin/../lib/gcc/arm-none-eabi/6.3.1/../../../../arm-none-eabi/lib/thumb/v7e-m/fpv4-sp/hard\libc_nano.a(lib_a-exit.o) (_global_impure_ptr)
d:/ira/programs/eclipse/plugins/fr.ac6.mcu.externaltools.arm-none.win32_1.15.0.201708311556/tools/compiler/bin/../lib/gcc/arm-none-eabi/6.3.1/../../../../arm-none-eabi/lib/thumb/v7e-m/fpv4-sp/hard\libc_nano.a(lib_a-init.o)
                              d:/ira/programs/eclipse/plugins/fr.ac6.mcu.externaltools.arm-none.win32_1.15.0.201708311556/tools/compiler/bin/../lib/gcc/arm-none-eabi/6.3.1/../../../../arm-none-eabi/lib/thumb/v7e-m/fpv4-sp/hard/crt0.o (__libc_init_array)
d:/ira/programs/eclipse/plugins/fr.ac6.mcu.externaltools.arm-none.win32_1.15.0.201708311556/tools/compiler/bin/../lib/gcc/arm-none-eabi/6.3.1/../../../../arm-none-eabi/lib/thumb/v7e-m/fpv4-sp/hard\libc_nano.a(lib_a-memset.o)
                              d:/ira/programs/eclipse/plugins/fr.ac6.mcu.externaltools.arm-none.win32_1.15.0.201708311556/tools/compiler/bin/../lib/gcc/arm-none-eabi/6.3.1/../../../../arm-none-eabi/lib/thumb/v7e-m/fpv4-sp/hard/crt0.o (memset)
d:/ira/programs/eclipse/plugins/fr.ac6.mcu.externaltools.arm-none.win32_1.15.0.201708311556/tools/compiler/bin/../lib/gcc/arm-none-eabi/6.3.1/../../../../arm-none-eabi/lib/thumb/v7e-m/fpv4-sp/hard\libnosys.a(_exit.o)
                              d:/ira/programs/eclipse/plugins/fr.ac6.mcu.externaltools.arm-none.win32_1.15.0.201708311556/tools/compiler/bin/../lib/gcc/arm-none-eabi/6.3.1/../../../../arm-none-eabi/lib/thumb/v7e-m/fpv4-sp/hard\libc_nano.a(lib_a-exit.o) (_exit)

Allocating common symbols
Common symbol       size              file

uwTick              0x4               Drivers/STM32F3xx_HAL_Driver/Src/stm32f3xx_hal.o
pFlash              0x20              Drivers/STM32F3xx_HAL_Driver/Src/stm32f3xx_hal_flash.o
htim3               0x40              Src/tim.o

Discarded input sections

 .text          0x00000000        0x0 d:/ira/programs/eclipse/plugins/fr.ac6.mcu.externaltools.arm-none.win32_1.15.0.201708311556/tools/compiler/bin/../lib/gcc/arm-none-eabi/6.3.1/thumb/v7e-m/fpv4-sp/hard/crti.o
 .data          0x00000000        0x0 d:/ira/programs/eclipse/plugins/fr.ac6.mcu.externaltools.arm-none.win32_1.15.0.201708311556/tools/compiler/bin/../lib/gcc/arm-none-eabi/6.3.1/thumb/v7e-m/fpv4-sp/hard/crti.o
 .bss           0x00000000        0x0 d:/ira/programs/eclipse/plugins/fr.ac6.mcu.externaltools.arm-none.win32_1.15.0.201708311556/tools/compiler/bin/../lib/gcc/arm-none-eabi/6.3.1/thumb/v7e-m/fpv4-sp/hard/crti.o
 .data          0x00000000        0x4 d:/ira/programs/eclipse/plugins/fr.ac6.mcu.externaltools.arm-none.win32_1.15.0.201708311556/tools/compiler/bin/../lib/gcc/arm-none-eabi/6.3.1/thumb/v7e-m/fpv4-sp/hard/crtbegin.o
 .text          0x00000000       0x74 d:/ira/programs/eclipse/plugins/fr.ac6.mcu.externaltools.arm-none.win32_1.15.0.201708311556/tools/compiler/bin/../lib/gcc/arm-none-eabi/6.3.1/../../../../arm-none-eabi/lib/thumb/v7e-m/fpv4-sp/hard/crt0.o
 .data          0x00000000        0x0 d:/ira/programs/eclipse/plugins/fr.ac6.mcu.externaltools.arm-none.win32_1.15.0.201708311556/tools/compiler/bin/../lib/gcc/arm-none-eabi/6.3.1/../../../../arm-none-eabi/lib/thumb/v7e-m/fpv4-sp/hard/crt0.o
 .bss           0x00000000        0x0 d:/ira/programs/eclipse/plugins/fr.ac6.mcu.externaltools.arm-none.win32_1.15.0.201708311556/tools/compiler/bin/../lib/gcc/arm-none-eabi/6.3.1/../../../../arm-none-eabi/lib/thumb/v7e-m/fpv4-sp/hard/crt0.o
 .ARM.extab     0x00000000        0x0 d:/ira/programs/eclipse/plugins/fr.ac6.mcu.externaltools.arm-none.win32_1.15.0.201708311556/tools/compiler/bin/../lib/gcc/arm-none-eabi/6.3.1/../../../../arm-none-eabi/lib/thumb/v7e-m/fpv4-sp/hard/crt0.o
 .ARM.exidx     0x00000000        0x8 d:/ira/programs/eclipse/plugins/fr.ac6.mcu.externaltools.arm-none.win32_1.15.0.201708311556/tools/compiler/bin/../lib/gcc/arm-none-eabi/6.3.1/../../../../arm-none-eabi/lib/thumb/v7e-m/fpv4-sp/hard/crt0.o
 .ARM.attributes
[...]
Memory Configuration

Name             Origin             Length             Attributes
RAM              0x20000000         0x0000a000         xrw
CCMRAM           0x10000000         0x00002000         rw
FLASH            0x08000000         0x00040000         xr
*default*        0x00000000         0xffffffff

Linker script and memory map

LOAD d:/ira/programs/eclipse/plugins/fr.ac6.mcu.externaltools.arm-none.win32_1.15.0.201708311556/tools/compiler/bin/../lib/gcc/arm-none-eabi/6.3.1/thumb/v7e-m/fpv4-sp/hard/crti.o
LOAD d:/ira/programs/eclipse/plugins/fr.ac6.mcu.externaltools.arm-none.win32_1.15.0.201708311556/tools/compiler/bin/../lib/gcc/arm-none-eabi/6.3.1/thumb/v7e-m/fpv4-sp/hard/crtbegin.o
LOAD d:/ira/programs/eclipse/plugins/fr.ac6.mcu.externaltools.arm-none.win32_1.15.0.201708311556/tools/compiler/bin/../lib/gcc/arm-none-eabi/6.3.1/../../../../arm-none-eabi/lib/thumb/v7e-m/fpv4-sp/hard/crt0.o
LOAD Drivers/STM32F3xx_HAL_Driver/Src/stm32f3xx_hal.o
LOAD Drivers/STM32F3xx_HAL_Driver/Src/stm32f3xx_hal_cortex.o
LOAD Drivers/STM32F3xx_HAL_Driver/Src/stm32f3xx_hal_dma.o
LOAD Drivers/STM32F3xx_HAL_Driver/Src/stm32f3xx_hal_flash.o
LOAD Drivers/STM32F3xx_HAL_Driver/Src/stm32f3xx_hal_flash_ex.o
LOAD Drivers/STM32F3xx_HAL_Driver/Src/stm32f3xx_hal_gpio.o
LOAD Drivers/STM32F3xx_HAL_Driver/Src/stm32f3xx_hal_i2c.o
LOAD Drivers/STM32F3xx_HAL_Driver/Src/stm32f3xx_hal_i2c_ex.o
LOAD Drivers/STM32F3xx_HAL_Driver/Src/stm32f3xx_hal_pwr.o
LOAD Drivers/STM32F3xx_HAL_Driver/Src/stm32f3xx_hal_pwr_ex.o
LOAD Drivers/STM32F3xx_HAL_Driver/Src/stm32f3xx_hal_rcc.o
LOAD Drivers/STM32F3xx_HAL_Driver/Src/stm32f3xx_hal_rcc_ex.o
LOAD Drivers/STM32F3xx_HAL_Driver/Src/stm32f3xx_hal_tim.o
LOAD Drivers/STM32F3xx_HAL_Driver/Src/stm32f3xx_hal_tim_ex.o
LOAD Src/gpio.o
LOAD Src/main.o
LOAD Src/servo_car.o
LOAD Src/stm32f3xx_hal_msp.o
LOAD Src/stm32f3xx_it.o
LOAD Src/system_stm32f3xx.o
LOAD Src/tim.o
LOAD startup/startup_stm32f303xc.o
LOAD d:/ira/programs/eclipse/plugins/fr.ac6.mcu.externaltools.arm-none.win32_1.15.0.201708311556/tools/compiler/bin/../lib/gcc/arm-none-eabi/6.3.1/../../../../arm-none-eabi/lib/thumb/v7e-m/fpv4-sp/hard\libm.a
START GROUP
LOAD d:/ira/programs/eclipse/plugins/fr.ac6.mcu.externaltools.arm-none.win32_1.15.0.201708311556/tools/compiler/bin/../lib/gcc/arm-none-eabi/6.3.1/thumb/v7e-m/fpv4-sp/hard\libgcc.a
LOAD d:/ira/programs/eclipse/plugins/fr.ac6.mcu.externaltools.arm-none.win32_1.15.0.201708311556/tools/compiler/bin/../lib/gcc/arm-none-eabi/6.3.1/../../../../arm-none-eabi/lib/thumb/v7e-m/fpv4-sp/hard\libc_nano.a
END GROUP
START GROUP
LOAD d:/ira/programs/eclipse/plugins/fr.ac6.mcu.externaltools.arm-none.win32_1.15.0.201708311556/tools/compiler/bin/../lib/gcc/arm-none-eabi/6.3.1/thumb/v7e-m/fpv4-sp/hard\libgcc.a
LOAD d:/ira/programs/eclipse/plugins/fr.ac6.mcu.externaltools.arm-none.win32_1.15.0.201708311556/tools/compiler/bin/../lib/gcc/arm-none-eabi/6.3.1/../../../../arm-none-eabi/lib/thumb/v7e-m/fpv4-sp/hard\libc_nano.a
LOAD d:/ira/programs/eclipse/plugins/fr.ac6.mcu.externaltools.arm-none.win32_1.15.0.201708311556/tools/compiler/bin/../lib/gcc/arm-none-eabi/6.3.1/../../../../arm-none-eabi/lib/thumb/v7e-m/fpv4-sp/hard\libnosys.a
END GROUP
START GROUP
LOAD d:/ira/programs/eclipse/plugins/fr.ac6.mcu.externaltools.arm-none.win32_1.15.0.201708311556/tools/compiler/bin/../lib/gcc/arm-none-eabi/6.3.1/thumb/v7e-m/fpv4-sp/hard\libgcc.a
LOAD d:/ira/programs/eclipse/plugins/fr.ac6.mcu.externaltools.arm-none.win32_1.15.0.201708311556/tools/compiler/bin/../lib/gcc/arm-none-eabi/6.3.1/../../../../arm-none-eabi/lib/thumb/v7e-m/fpv4-sp/hard\libc_nano.a
LOAD d:/ira/programs/eclipse/plugins/fr.ac6.mcu.externaltools.arm-none.win32_1.15.0.201708311556/tools/compiler/bin/../lib/gcc/arm-none-eabi/6.3.1/../../../../arm-none-eabi/lib/thumb/v7e-m/fpv4-sp/hard\libnosys.a
END GROUP
LOAD d:/ira/programs/eclipse/plugins/fr.ac6.mcu.externaltools.arm-none.win32_1.15.0.201708311556/tools/compiler/bin/../lib/gcc/arm-none-eabi/6.3.1/thumb/v7e-m/fpv4-sp/hard/crtend.o
LOAD d:/ira/programs/eclipse/plugins/fr.ac6.mcu.externaltools.arm-none.win32_1.15.0.201708311556/tools/compiler/bin/../lib/gcc/arm-none-eabi/6.3.1/thumb/v7e-m/fpv4-sp/hard/crtn.o
                0x2000a000                _estack = 0x2000a000
                0x00000200                _Min_Heap_Size = 0x200
                0x00000400                _Min_Stack_Size = 0x400

.isr_vector     0x08000000      0x188
                0x08000000                . = ALIGN (0x4)
 *(.isr_vector)
 .isr_vector    0x08000000      0x188 startup/startup_stm32f303xc.o
                0x08000000                g_pfnVectors
                0x08000188                . = ALIGN (0x4)

.text           0x08000188     0x2510
                0x08000188                . = ALIGN (0x4)
 *(.text)
 .text          0x08000188       0x6c d:/ira/programs/eclipse/plugins/fr.ac6.mcu.externaltools.arm-none.win32_1.15.0.201708311556/tools/compiler/bin/../lib/gcc/arm-none-eabi/6.3.1/thumb/v7e-m/fpv4-sp/hard/crtbegin.o
 *(.text*)
 .text.HAL_InitTick
                0x080001f4       0x2c Drivers/STM32F3xx_HAL_Driver/Src/stm32f3xx_hal.o
                0x080001f4                HAL_InitTick
 .text.HAL_Init
                0x08000220       0x24 Drivers/STM32F3xx_HAL_Driver/Src/stm32f3xx_hal.o
                0x08000220                HAL_Init
 .text.HAL_IncTick
                0x08000244       0x10 Drivers/STM32F3xx_HAL_Driver/Src/stm32f3xx_hal.o
                0x08000244                HAL_IncTick
 .text.HAL_GetTick
                0x08000254        0xc Drivers/STM32F3xx_HAL_Driver/Src/stm32f3xx_hal.o
                0x08000254                HAL_GetTick
 .text.HAL_Delay
                0x08000260       0x24 Drivers/STM32F3xx_HAL_Driver/Src/stm32f3xx_hal.o
                0x08000260                HAL_Delay
 .text.HAL_NVIC_SetPriorityGrouping
                0x08000284       0x3c Drivers/STM32F3xx_HAL_Driver/Src/stm32f3xx_hal_cortex.o
                0x08000284                HAL_NVIC_SetPriorityGrouping
 .text.HAL_NVIC_SetPriority
                0x080002c0       0x88 Drivers/STM32F3xx_HAL_Driver/Src/stm32f3xx_hal_cortex.o
                0x080002c0                HAL_NVIC_SetPriority
 .text.HAL_SYSTICK_Config
                0x08000348       0x2c Drivers/STM32F3xx_HAL_Driver/Src/stm32f3xx_hal_cortex.o
                0x08000348                HAL_SYSTICK_Config
 .text.HAL_SYSTICK_CLKSourceConfig
                0x08000374       0x3c Drivers/STM32F3xx_HAL_Driver/Src/stm32f3xx_hal_cortex.o
                0x08000374                HAL_SYSTICK_CLKSourceConfig
 .text.HAL_SYSTICK_Callback
                0x080003b0        0x2 Drivers/STM32F3xx_HAL_Driver/Src/stm32f3xx_hal_cortex.o
                0x080003b0                HAL_SYSTICK_Callback
 .text.HAL_SYSTICK_IRQHandler
                0x080003b2        0x8 Drivers/STM32F3xx_HAL_Driver/Src/stm32f3xx_hal_cortex.o
                0x080003b2                HAL_SYSTICK_IRQHandler
 *fill*         0x080003ba        0x2 
 .text.HAL_GPIO_Init
                0x080003bc      0x2c0 Drivers/STM32F3xx_HAL_Driver/Src/stm32f3xx_hal_gpio.o
                0x080003bc                HAL_GPIO_Init
 .text.HAL_RCC_OscConfig
                0x0800067c      0x730 Drivers/STM32F3xx_HAL_Driver/Src/stm32f3xx_hal_rcc.o
                0x0800067c                HAL_RCC_OscConfig
 .text.HAL_RCC_GetSysClockFreq
                0x08000dac       0x70 Drivers/STM32F3xx_HAL_Driver/Src/stm32f3xx_hal_rcc.o
                0x08000dac                HAL_RCC_GetSysClockFreq
 .text.HAL_RCC_ClockConfig
                0x08000e1c      0x298 Drivers/STM32F3xx_HAL_Driver/Src/stm32f3xx_hal_rcc.o
                0x08000e1c                HAL_RCC_ClockConfig
 .text.HAL_RCC_GetHCLKFreq
                0x080010b4        0xc Drivers/STM32F3xx_HAL_Driver/Src/stm32f3xx_hal_rcc.o
                0x080010b4                HAL_RCC_GetHCLKFreq
 .text.TIM_TI1_ConfigInputStage
                0x080010c0       0x26 Drivers/STM32F3xx_HAL_Driver/Src/stm32f3xx_hal_tim.o
 .text.TIM_TI2_ConfigInputStage
                0x080010e6       0x28 Drivers/STM32F3xx_HAL_Driver/Src/stm32f3xx_hal_tim.o
 .text.TIM_ITRx_SetConfig
                0x0800110e       0x10 Drivers/STM32F3xx_HAL_Driver/Src/stm32f3xx_hal_tim.o
 .text.HAL_TIM_PWM_MspInit
                0x0800111e        0x2 Drivers/STM32F3xx_HAL_Driver/Src/stm32f3xx_hal_tim.o
                0x0800111e                HAL_TIM_PWM_MspInit
 .text.TIM_Base_SetConfig
                0x08001120       0xb8 Drivers/STM32F3xx_HAL_Driver/Src/stm32f3xx_hal_tim.o
                0x08001120                TIM_Base_SetConfig
 .text.HAL_TIM_Base_Init
                0x080011d8       0xd8 Drivers/STM32F3xx_HAL_Driver/Src/stm32f3xx_hal_tim.o
                0x080011d8                HAL_TIM_Base_Init
 .text.HAL_TIM_PWM_Init
                0x080012b0       0xe0 Drivers/STM32F3xx_HAL_Driver/Src/stm32f3xx_hal_tim.o
                0x080012b0                HAL_TIM_PWM_Init
 .text.TIM_OC1_SetConfig
                0x08001390       0xe8 Drivers/STM32F3xx_HAL_Driver/Src/stm32f3xx_hal_tim.o
                0x08001390                TIM_OC1_SetConfig
 .text.TIM_OC2_SetConfig
                0x08001478       0xdc Drivers/STM32F3xx_HAL_Driver/Src/stm32f3xx_hal_tim.o
                0x08001478                TIM_OC2_SetConfig
 .text.TIM_OC3_SetConfig
                0x08001554       0xd8 Drivers/STM32F3xx_HAL_Driver/Src/stm32f3xx_hal_tim.o
                0x08001554                TIM_OC3_SetConfig
 .text.TIM_OC4_SetConfig
                0x0800162c       0x90 Drivers/STM32F3xx_HAL_Driver/Src/stm32f3xx_hal_tim.o
                0x0800162c                TIM_OC4_SetConfig
 .text.TIM_ETR_SetConfig
                0x080016bc       0x18 Drivers/STM32F3xx_HAL_Driver/Src/stm32f3xx_hal_tim.o
                0x080016bc                TIM_ETR_SetConfig
 .text.HAL_TIM_ConfigClockSource
                0x080016d4      0x4dc Drivers/STM32F3xx_HAL_Driver/Src/stm32f3xx_hal_tim.o
                0x080016d4                HAL_TIM_ConfigClockSource
 .text.TIM_CCxChannelCmd
                0x08001bb0       0x94 Drivers/STM32F3xx_HAL_Driver/Src/stm32f3xx_hal_tim.o
                0x08001bb0                TIM_CCxChannelCmd
 .text.HAL_TIM_PWM_Start
                0x08001c44      0x144 Drivers/STM32F3xx_HAL_Driver/Src/stm32f3xx_hal_tim.o
                0x08001c44                HAL_TIM_PWM_Start
 .text.TIM_OC5_SetConfig
                0x08001d88       0x68 Drivers/STM32F3xx_HAL_Driver/Src/stm32f3xx_hal_tim_ex.o
 .text.TIM_OC6_SetConfig
                0x08001df0       0x6c Drivers/STM32F3xx_HAL_Driver/Src/stm32f3xx_hal_tim_ex.o
 .text.HAL_TIM_PWM_ConfigChannel
                0x08001e5c      0x2f4 Drivers/STM32F3xx_HAL_Driver/Src/stm32f3xx_hal_tim_ex.o
                0x08001e5c                HAL_TIM_PWM_ConfigChannel
 .text.HAL_TIMEx_MasterConfigSynchronization
                0x08002150      0x14c Drivers/STM32F3xx_HAL_Driver/Src/stm32f3xx_hal_tim_ex.o
                0x08002150                HAL_TIMEx_MasterConfigSynchronization
 .text.MX_GPIO_Init
                0x0800229c       0x30 Src/gpio.o
                0x0800229c                MX_GPIO_Init
 .text._Error_Handler
                0x080022cc        0x2 Src/main.o
                0x080022cc                _Error_Handler
 *fill*         0x080022ce        0x2 
 .text.SystemClock_Config
                0x080022d0       0x88 Src/main.o
                0x080022d0                SystemClock_Config
 .text.main     0x08002358       0x48 Src/main.o
                0x08002358                main
 .text.assert_failed
                0x080023a0        0x2 Src/main.o
                0x080023a0                assert_failed
 *fill*         0x080023a2        0x2 
 .text.turnServoCar
                0x080023a4       0x14 Src/servo_car.o
                0x080023a4                turnServoCar
 .text.turnLight
                0x080023b8       0x1a Src/servo_car.o
                0x080023b8                turnLight
 *fill*         0x080023d2        0x2 
 .text.HAL_MspInit
                0x080023d4       0x7c Src/stm32f3xx_hal_msp.o
                0x080023d4                HAL_MspInit
 .text.NMI_Handler
                0x08002450        0x2 Src/stm32f3xx_it.o
                0x08002450                NMI_Handler
 .text.HardFault_Handler
                0x08002452        0x2 Src/stm32f3xx_it.o
                0x08002452                HardFault_Handler
 .text.MemManage_Handler
                0x08002454        0x2 Src/stm32f3xx_it.o
                0x08002454                MemManage_Handler
 .text.BusFault_Handler
                0x08002456        0x2 Src/stm32f3xx_it.o
                0x08002456                BusFault_Handler
 .text.UsageFault_Handler
                0x08002458        0x2 Src/stm32f3xx_it.o
                0x08002458                UsageFault_Handler
 .text.SVC_Handler
                0x0800245a        0x2 Src/stm32f3xx_it.o
                0x0800245a                SVC_Handler
 .text.DebugMon_Handler
                0x0800245c        0x2 Src/stm32f3xx_it.o
                0x0800245c                DebugMon_Handler
 .text.PendSV_Handler
                0x0800245e        0x2 Src/stm32f3xx_it.o
                0x0800245e                PendSV_Handler
 .text.SysTick_Handler
                0x08002460        0xc Src/stm32f3xx_it.o
                0x08002460                SysTick_Handler
 .text.SystemInit
                0x0800246c       0x68 Src/system_stm32f3xx.o
                0x0800246c                SystemInit
 .text.HAL_TIM_Base_MspInit
                0x080024d4       0x2c Src/tim.o
                0x080024d4                HAL_TIM_Base_MspInit
 .text.HAL_TIM_MspPostInit
                0x08002500       0x34 Src/tim.o
                0x08002500                HAL_TIM_MspPostInit
 .text.MX_TIM3_Init
                0x08002534       0xb0 Src/tim.o
                0x08002534                MX_TIM3_Init
 .text.Reset_Handler
                0x080025e4       0x50 startup/startup_stm32f303xc.o
                0x080025e4                Reset_Handler
 .text.Default_Handler
                0x08002634        0x2 startup/startup_stm32f303xc.o
                0x08002634                RTC_Alarm_IRQHandler
                0x08002634                TIM8_TRG_COM_IRQHandler
                0x08002634                TIM8_CC_IRQHandler
                0x08002634                TIM1_CC_IRQHandler
                0x08002634                USB_HP_IRQHandler
                0x08002634                PVD_IRQHandler
                0x08002634                TAMP_STAMP_IRQHandler
                0x08002634                EXTI3_IRQHandler
                0x08002634                USB_HP_CAN_TX_IRQHandler
                0x08002634                EXTI0_IRQHandler
                0x08002634                I2C2_EV_IRQHandler
                0x08002634                FPU_IRQHandler
                0x08002634                TIM1_UP_TIM16_IRQHandler
                0x08002634                ADC1_2_IRQHandler
                0x08002634                SPI1_IRQHandler
                0x08002634                CAN_SCE_IRQHandler
                0x08002634                TIM6_DAC_IRQHandler
                0x08002634                TIM8_UP_IRQHandler
                0x08002634                DMA2_Channel2_IRQHandler
                0x08002634                DMA1_Channel4_IRQHandler
                0x08002634                USART3_IRQHandler
                0x08002634                DMA1_Channel7_IRQHandler
                0x08002634                UART5_IRQHandler
                0x08002634                ADC3_IRQHandler
                0x08002634                TIM4_IRQHandler
                0x08002634                CAN_RX1_IRQHandler
                0x08002634                DMA2_Channel1_IRQHandler
                0x08002634                I2C1_EV_IRQHandler
                0x08002634                DMA1_Channel6_IRQHandler
                0x08002634                UART4_IRQHandler
                0x08002634                DMA2_Channel4_IRQHandler
                0x08002634                TIM3_IRQHandler
                0x08002634                RCC_IRQHandler
                0x08002634                DMA1_Channel1_IRQHandler
                0x08002634                Default_Handler
                0x08002634                USBWakeUp_RMP_IRQHandler
                0x08002634                EXTI15_10_IRQHandler
                0x08002634                TIM7_IRQHandler
                0x08002634                EXTI9_5_IRQHandler
                0x08002634                RTC_WKUP_IRQHandler
                0x08002634                SPI2_IRQHandler
                0x08002634                USB_LP_CAN_RX0_IRQHandler
                0x08002634                DMA2_Channel5_IRQHandler
                0x08002634                DMA1_Channel5_IRQHandler
                0x08002634                USB_LP_IRQHandler
                0x08002634                EXTI4_IRQHandler
                0x08002634                TIM1_TRG_COM_TIM17_IRQHandler
                0x08002634                DMA1_Channel3_IRQHandler
                0x08002634                ADC4_IRQHandler
                0x08002634                WWDG_IRQHandler
                0x08002634                TIM2_IRQHandler
                0x08002634                COMP7_IRQHandler
                0x08002634                COMP1_2_3_IRQHandler
                0x08002634                EXTI1_IRQHandler
                0x08002634                USART2_IRQHandler
                0x08002634                COMP4_5_6_IRQHandler
                0x08002634                I2C2_ER_IRQHandler
                0x08002634                DMA1_Channel2_IRQHandler
                0x08002634                TIM8_BRK_IRQHandler
                0x08002634                FLASH_IRQHandler
                0x08002634                USART1_IRQHandler
                0x08002634                SPI3_IRQHandler
                0x08002634                I2C1_ER_IRQHandler
                0x08002634                USBWakeUp_IRQHandler
                0x08002634                DMA2_Channel3_IRQHandler
                0x08002634                EXTI2_TSC_IRQHandler
                0x08002634                TIM1_BRK_TIM15_IRQHandler
 *fill*         0x08002636        0x2 
 .text.__libc_init_array
                0x08002638       0x48 d:/ira/programs/eclipse/plugins/fr.ac6.mcu.externaltools.arm-none.win32_1.15.0.201708311556/tools/compiler/bin/../lib/gcc/arm-none-eabi/6.3.1/../../../../arm-none-eabi/lib/thumb/v7e-m/fpv4-sp/hard\libc_nano.a(lib_a-init.o)
                0x08002638                __libc_init_array
 *(.glue_7)
 .glue_7        0x08002680        0x0 linker stubs
 *(.glue_7t)
 .glue_7t       0x08002680        0x0 linker stubs
 *(.eh_frame)
 .eh_frame      0x08002680        0x0 d:/ira/programs/eclipse/plugins/fr.ac6.mcu.externaltools.arm-none.win32_1.15.0.201708311556/tools/compiler/bin/../lib/gcc/arm-none-eabi/6.3.1/thumb/v7e-m/fpv4-sp/hard/crtbegin.o
 *(.init)
 .init          0x08002680        0x4 d:/ira/programs/eclipse/plugins/fr.ac6.mcu.externaltools.arm-none.win32_1.15.0.201708311556/tools/compiler/bin/../lib/gcc/arm-none-eabi/6.3.1/thumb/v7e-m/fpv4-sp/hard/crti.o
                0x08002680                _init
 .init          0x08002684        0x8 d:/ira/programs/eclipse/plugins/fr.ac6.mcu.externaltools.arm-none.win32_1.15.0.201708311556/tools/compiler/bin/../lib/gcc/arm-none-eabi/6.3.1/thumb/v7e-m/fpv4-sp/hard/crtn.o
 *(.fini)
 .fini          0x0800268c        0x4 d:/ira/programs/eclipse/plugins/fr.ac6.mcu.externaltools.arm-none.win32_1.15.0.201708311556/tools/compiler/bin/../lib/gcc/arm-none-eabi/6.3.1/thumb/v7e-m/fpv4-sp/hard/crti.o
                0x0800268c                _fini
 .fini          0x08002690        0x8 d:/ira/programs/eclipse/plugins/fr.ac6.mcu.externaltools.arm-none.win32_1.15.0.201708311556/tools/compiler/bin/../lib/gcc/arm-none-eabi/6.3.1/thumb/v7e-m/fpv4-sp/hard/crtn.o
                0x08002698                . = ALIGN (0x4)
                0x08002698                _etext = .

.vfp11_veneer   0x08002698        0x0
 .vfp11_veneer  0x08002698        0x0 linker stubs

.v4_bx          0x08002698        0x0
 .v4_bx         0x08002698        0x0 linker stubs

.iplt           0x08002698        0x0
 .iplt          0x08002698        0x0 d:/ira/programs/eclipse/plugins/fr.ac6.mcu.externaltools.arm-none.win32_1.15.0.201708311556/tools/compiler/bin/../lib/gcc/arm-none-eabi/6.3.1/thumb/v7e-m/fpv4-sp/hard/crtbegin.o

.rodata         0x08002698      0x17c
                0x08002698                . = ALIGN (0x4)
 *(.rodata)
 .rodata        0x08002698       0x20 Drivers/STM32F3xx_HAL_Driver/Src/stm32f3xx_hal_rcc.o
                0x08002698                aPLLMULFactorTable
                0x080026a8                aPredivFactorTable
 .rodata        0x080026b8       0x18 Src/system_stm32f3xx.o
                0x080026b8                AHBPrescTable
                0x080026c8                APBPrescTable
 *(.rodata*)
 .rodata.str1.4
                0x080026d0       0x3b Drivers/STM32F3xx_HAL_Driver/Src/stm32f3xx_hal_cortex.o
 *fill*         0x0800270b        0x1 
 .rodata.str1.4
                0x0800270c       0x39 Drivers/STM32F3xx_HAL_Driver/Src/stm32f3xx_hal_gpio.o
 *fill*         0x08002745        0x3 
 .rodata.str1.4
                0x08002748       0x38 Drivers/STM32F3xx_HAL_Driver/Src/stm32f3xx_hal_rcc.o
 .rodata.str1.4
                0x08002780       0x38 Drivers/STM32F3xx_HAL_Driver/Src/stm32f3xx_hal_tim.o
 .rodata.str1.4
                0x080027b8       0x3b Drivers/STM32F3xx_HAL_Driver/Src/stm32f3xx_hal_tim_ex.o
 *fill*         0x080027f3        0x1 
 .rodata.str1.4
                0x080027f4        0xe Src/main.o
 *fill*         0x08002802        0x2 
 .rodata.str1.4
                0x08002804       0x10 Src/tim.o
                                  0xd (size before relaxing)
                0x08002814                . = ALIGN (0x4)

.rel.dyn        0x08002814        0x0
 .rel.iplt      0x08002814        0x0 d:/ira/programs/eclipse/plugins/fr.ac6.mcu.externaltools.arm-none.win32_1.15.0.201708311556/tools/compiler/bin/../lib/gcc/arm-none-eabi/6.3.1/thumb/v7e-m/fpv4-sp/hard/crtbegin.o

.ARM.extab
 *(.ARM.extab* .gnu.linkonce.armextab.*)

.ARM            0x08002814        0x0
                0x08002814                __exidx_start = .
 *(.ARM.exidx*)
                0x08002814                __exidx_end = .

.preinit_array  0x08002814        0x0
                0x08002814                PROVIDE (__preinit_array_start, .)
 *(.preinit_array*)
                0x08002814                PROVIDE (__preinit_array_end, .)

.init_array     0x08002814        0x4
                0x08002814                PROVIDE (__init_array_start, .)
 *(SORT(.init_array.*))
 *(.init_array*)
 .init_array    0x08002814        0x4 d:/ira/programs/eclipse/plugins/fr.ac6.mcu.externaltools.arm-none.win32_1.15.0.201708311556/tools/compiler/bin/../lib/gcc/arm-none-eabi/6.3.1/thumb/v7e-m/fpv4-sp/hard/crtbegin.o
                0x08002818                PROVIDE (__init_array_end, .)

.fini_array     0x08002818        0x4
                [!provide]                PROVIDE (__fini_array_start, .)
 *(SORT(.fini_array.*))
 *(.fini_array*)
 .fini_array    0x08002818        0x4 d:/ira/programs/eclipse/plugins/fr.ac6.mcu.externaltools.arm-none.win32_1.15.0.201708311556/tools/compiler/bin/../lib/gcc/arm-none-eabi/6.3.1/thumb/v7e-m/fpv4-sp/hard/crtbegin.o
                [!provide]                PROVIDE (__fini_array_end, .)
                0x0800281c                _sidata = LOADADDR (.data)

.data           0x20000000        0x4 load address 0x0800281c
                0x20000000                . = ALIGN (0x4)
                0x20000000                _sdata = .
 *(.data)
 .data          0x20000000        0x4 Src/system_stm32f3xx.o
                0x20000000                SystemCoreClock
 *(.data*)
                0x20000004                . = ALIGN (0x4)
                0x20000004                _edata = .
                0x08002820                _siccmram = LOADADDR (.ccmram)

.jcr            0x20000004        0x0 load address 0x08002820
 .jcr           0x20000004        0x0 d:/ira/programs/eclipse/plugins/fr.ac6.mcu.externaltools.arm-none.win32_1.15.0.201708311556/tools/compiler/bin/../lib/gcc/arm-none-eabi/6.3.1/thumb/v7e-m/fpv4-sp/hard/crtbegin.o

.igot.plt       0x20000004        0x0 load address 0x08002820
 .igot.plt      0x20000004        0x0 d:/ira/programs/eclipse/plugins/fr.ac6.mcu.externaltools.arm-none.win32_1.15.0.201708311556/tools/compiler/bin/../lib/gcc/arm-none-eabi/6.3.1/thumb/v7e-m/fpv4-sp/hard/crtbegin.o

.ccmram         0x10000000        0x0 load address 0x08002820
                0x10000000                . = ALIGN (0x4)
                0x10000000                _sccmram = .
 *(.ccmram)
 *(.ccmram*)
                0x10000000                . = ALIGN (0x4)
                0x10000000                _eccmram = .
                0x10000000                . = ALIGN (0x4)

.bss            0x20000004       0x64
                0x20000004                _sbss = .
                0x20000004                __bss_start__ = _sbss
 *(.bss)
 .bss           0x20000004       0x1c d:/ira/programs/eclipse/plugins/fr.ac6.mcu.externaltools.arm-none.win32_1.15.0.201708311556/tools/compiler/bin/../lib/gcc/arm-none-eabi/6.3.1/thumb/v7e-m/fpv4-sp/hard/crtbegin.o
 .bss           0x20000020        0x4 Src/main.o
                0x20000020                curAngle
 *(.bss*)
 *(COMMON)
 COMMON         0x20000024        0x4 Drivers/STM32F3xx_HAL_Driver/Src/stm32f3xx_hal.o
                0x20000024                uwTick
 COMMON         0x20000028       0x40 Src/tim.o
                0x20000028                htim3
                0x20000068                . = ALIGN (0x4)
                0x20000068                _ebss = .
                0x20000068                __bss_end__ = _ebss

._user_heap_stack
                0x20000068      0x600
                0x20000068                . = ALIGN (0x8)
                [!provide]                PROVIDE (end, .)
                [!provide]                PROVIDE (_end, .)
                0x20000268                . = (. + _Min_Heap_Size)
 *fill*         0x20000068      0x200 
                0x20000668                . = (. + _Min_Stack_Size)
 *fill*         0x20000268      0x400 
                0x20000668                . = ALIGN (0x8)

/DISCARD/
 libc.a(*)
 libm.a(*)
 libgcc.a(*)

.ARM.attributes
                0x00000000       0x30
 *(.ARM.attributes)
 .ARM.attributes
                0x00000000       0x22 d:/ira/programs/eclipse/plugins/fr.ac6.mcu.externaltools.arm-none.win32_1.15.0.201708311556/tools/compiler/bin/../lib/gcc/arm-none-eabi/6.3.1/thumb/v7e-m/fpv4-sp/hard/crti.o
 .ARM.attributes
                0x00000022       0x34 d:/ira/programs/eclipse/plugins/fr.ac6.mcu.externaltools.arm-none.win32_1.15.0.201708311556/tools/compiler/bin/../lib/gcc/arm-none-eabi/6.3.1/thumb/v7e-m/fpv4-sp/hard/crtbegin.o
 .ARM.attributes
                0x00000056       0x39 Drivers/STM32F3xx_HAL_Driver/Src/stm32f3xx_hal.o
 .ARM.attributes
                0x0000008f       0x39 Drivers/STM32F3xx_HAL_Driver/Src/stm32f3xx_hal_cortex.o
 .ARM.attributes
                0x000000c8       0x39 Drivers/STM32F3xx_HAL_Driver/Src/stm32f3xx_hal_gpio.o
 .ARM.attributes
                0x00000101       0x39 Drivers/STM32F3xx_HAL_Driver/Src/stm32f3xx_hal_rcc.o
 .ARM.attributes
                0x0000013a       0x39 Drivers/STM32F3xx_HAL_Driver/Src/stm32f3xx_hal_tim.o
 .ARM.attributes
                0x00000173       0x39 Drivers/STM32F3xx_HAL_Driver/Src/stm32f3xx_hal_tim_ex.o
 .ARM.attributes
                0x000001ac       0x39 Src/gpio.o
 .ARM.attributes
                0x000001e5       0x39 Src/main.o
 .ARM.attributes
                0x0000021e       0x39 Src/servo_car.o
 .ARM.attributes
                0x00000257       0x39 Src/stm32f3xx_hal_msp.o
 .ARM.attributes
                0x00000290       0x39 Src/stm32f3xx_it.o
 .ARM.attributes
                0x000002c9       0x39 Src/system_stm32f3xx.o
 .ARM.attributes
                0x00000302       0x39 Src/tim.o
 .ARM.attributes
                0x0000033b       0x21 startup/startup_stm32f303xc.o
 .ARM.attributes
                0x0000035c       0x34 d:/ira/programs/eclipse/plugins/fr.ac6.mcu.externaltools.arm-none.win32_1.15.0.201708311556/tools/compiler/bin/../lib/gcc/arm-none-eabi/6.3.1/../../../../arm-none-eabi/lib/thumb/v7e-m/fpv4-sp/hard\libc_nano.a(lib_a-init.o)
 .ARM.attributes
                0x00000390       0x22 d:/ira/programs/eclipse/plugins/fr.ac6.mcu.externaltools.arm-none.win32_1.15.0.201708311556/tools/compiler/bin/../lib/gcc/arm-none-eabi/6.3.1/thumb/v7e-m/fpv4-sp/hard/crtn.o
OUTPUT(servo_car.elf elf32-littlearm)

.debug_info     0x00000000    0x1329d
 .debug_info    0x00000000      0xfc8 Drivers/STM32F3xx_HAL_Driver/Src/stm32f3xx_hal.o
 .debug_info    0x00000fc8     0x18e1 Drivers/STM32F3xx_HAL_Driver/Src/stm32f3xx_hal_cortex.o
 .debug_info    0x000028a9     0x10b8 Drivers/STM32F3xx_HAL_Driver/Src/stm32f3xx_hal_gpio.o
 .debug_info    0x00003961     0x1e73 Drivers/STM32F3xx_HAL_Driver/Src/stm32f3xx_hal_rcc.o
 .debug_info    0x000057d4     0x4ea3 Drivers/STM32F3xx_HAL_Driver/Src/stm32f3xx_hal_tim.o
 .debug_info    0x0000a677     0x28e6 Drivers/STM32F3xx_HAL_Driver/Src/stm32f3xx_hal_tim_ex.o
 .debug_info    0x0000cf5d      0xa4c Src/gpio.o
 .debug_info    0x0000d9a9     0x1358 Src/main.o
 .debug_info    0x0000ed01      0xe93 Src/servo_car.o
 .debug_info    0x0000fb94      0xd00 Src/stm32f3xx_hal_msp.o
 .debug_info    0x00010894      0xa0b Src/stm32f3xx_it.o
 .debug_info    0x0001129f      0xc34 Src/system_stm32f3xx.o
 .debug_info    0x00011ed3     0x1347 Src/tim.o
 .debug_info    0x0001321a       0x83 startup/startup_stm32f303xc.o

.debug_abbrev   0x00000000     0x21df
 .debug_abbrev  0x00000000      0x2d6 Drivers/STM32F3xx_HAL_Driver/Src/stm32f3xx_hal.o
 .debug_abbrev  0x000002d6      0x3b3 Drivers/STM32F3xx_HAL_Driver/Src/stm32f3xx_hal_cortex.o
 .debug_abbrev  0x00000689      0x2dc Drivers/STM32F3xx_HAL_Driver/Src/stm32f3xx_hal_gpio.o
 .debug_abbrev  0x00000965      0x341 Drivers/STM32F3xx_HAL_Driver/Src/stm32f3xx_hal_rcc.o
 .debug_abbrev  0x00000ca6      0x2dc Drivers/STM32F3xx_HAL_Driver/Src/stm32f3xx_hal_tim.o
 .debug_abbrev  0x00000f82      0x2dc Drivers/STM32F3xx_HAL_Driver/Src/stm32f3xx_hal_tim_ex.o
 .debug_abbrev  0x0000125e      0x1e3 Src/gpio.o
 .debug_abbrev  0x00001441      0x29b Src/main.o
 .debug_abbrev  0x000016dc      0x261 Src/servo_car.o
 .debug_abbrev  0x0000193d      0x232 Src/stm32f3xx_hal_msp.o
 .debug_abbrev  0x00001b6f      0x1e7 Src/stm32f3xx_it.o
 .debug_abbrev  0x00001d56      0x205 Src/system_stm32f3xx.o
 .debug_abbrev  0x00001f5b      0x272 Src/tim.o
 .debug_abbrev  0x000021cd       0x12 startup/startup_stm32f303xc.o

.debug_loc      0x00000000     0x53c9
 .debug_loc     0x00000000       0x69 Drivers/STM32F3xx_HAL_Driver/Src/stm32f3xx_hal.o
 .debug_loc     0x00000069      0x730 Drivers/STM32F3xx_HAL_Driver/Src/stm32f3xx_hal_cortex.o
 .debug_loc     0x00000799      0x4e4 Drivers/STM32F3xx_HAL_Driver/Src/stm32f3xx_hal_gpio.o
 .debug_loc     0x00000c7d      0x98e Drivers/STM32F3xx_HAL_Driver/Src/stm32f3xx_hal_rcc.o
 .debug_loc     0x0000160b     0x2980 Drivers/STM32F3xx_HAL_Driver/Src/stm32f3xx_hal_tim.o
 .debug_loc     0x00003f8b     0x12b7 Drivers/STM32F3xx_HAL_Driver/Src/stm32f3xx_hal_tim_ex.o
 .debug_loc     0x00005242       0x67 Src/servo_car.o
 .debug_loc     0x000052a9       0xff Src/system_stm32f3xx.o
 .debug_loc     0x000053a8       0x21 Src/tim.o

.debug_aranges  0x00000000      0x8c8
 .debug_aranges
                0x00000000       0xc8 Drivers/STM32F3xx_HAL_Driver/Src/stm32f3xx_hal.o
 .debug_aranges
                0x000000c8       0xa8 Drivers/STM32F3xx_HAL_Driver/Src/stm32f3xx_hal_cortex.o
 .debug_aranges
                0x00000170       0x58 Drivers/STM32F3xx_HAL_Driver/Src/stm32f3xx_hal_gpio.o
 .debug_aranges
                0x000001c8       0x88 Drivers/STM32F3xx_HAL_Driver/Src/stm32f3xx_hal_rcc.o
 .debug_aranges
                0x00000250      0x378 Drivers/STM32F3xx_HAL_Driver/Src/stm32f3xx_hal_tim.o
 .debug_aranges
                0x000005c8      0x178 Drivers/STM32F3xx_HAL_Driver/Src/stm32f3xx_hal_tim_ex.o
 .debug_aranges
                0x00000740       0x20 Src/gpio.o
 .debug_aranges
                0x00000760       0x38 Src/main.o
 .debug_aranges
                0x00000798       0x28 Src/servo_car.o
 .debug_aranges
                0x000007c0       0x20 Src/stm32f3xx_hal_msp.o
 .debug_aranges
                0x000007e0       0x60 Src/stm32f3xx_it.o
 .debug_aranges
                0x00000840       0x28 Src/system_stm32f3xx.o
 .debug_aranges
                0x00000868       0x38 Src/tim.o
 .debug_aranges
                0x000008a0       0x28 startup/startup_stm32f303xc.o

.debug_ranges   0x00000000      0x870
 .debug_ranges  0x00000000       0xb8 Drivers/STM32F3xx_HAL_Driver/Src/stm32f3xx_hal.o
 .debug_ranges  0x000000b8       0xf8 Drivers/STM32F3xx_HAL_Driver/Src/stm32f3xx_hal_cortex.o
 .debug_ranges  0x000001b0       0x48 Drivers/STM32F3xx_HAL_Driver/Src/stm32f3xx_hal_gpio.o
 .debug_ranges  0x000001f8       0x98 Drivers/STM32F3xx_HAL_Driver/Src/stm32f3xx_hal_rcc.o
 .debug_ranges  0x00000290      0x368 Drivers/STM32F3xx_HAL_Driver/Src/stm32f3xx_hal_tim.o
 .debug_ranges  0x000005f8      0x168 Drivers/STM32F3xx_HAL_Driver/Src/stm32f3xx_hal_tim_ex.o
 .debug_ranges  0x00000760       0x10 Src/gpio.o
 .debug_ranges  0x00000770       0x28 Src/main.o
 .debug_ranges  0x00000798       0x18 Src/servo_car.o
 .debug_ranges  0x000007b0       0x10 Src/stm32f3xx_hal_msp.o
 .debug_ranges  0x000007c0       0x50 Src/stm32f3xx_it.o
 .debug_ranges  0x00000810       0x18 Src/system_stm32f3xx.o
 .debug_ranges  0x00000828       0x28 Src/tim.o
 .debug_ranges  0x00000850       0x20 startup/startup_stm32f303xc.o

.debug_macro    0x00000000    0x1a681
 .debug_macro   0x00000000      0x324 Drivers/STM32F3xx_HAL_Driver/Src/stm32f3xx_hal.o
 .debug_macro   0x00000324      0x8bc Drivers/STM32F3xx_HAL_Driver/Src/stm32f3xx_hal.o
 .debug_macro   0x00000be0       0x1c Drivers/STM32F3xx_HAL_Driver/Src/stm32f3xx_hal.o
 .debug_macro   0x00000bfc       0xa6 Drivers/STM32F3xx_HAL_Driver/Src/stm32f3xx_hal.o
 .debug_macro   0x00000ca2       0x2f Drivers/STM32F3xx_HAL_Driver/Src/stm32f3xx_hal.o
 .debug_macro   0x00000cd1       0x28 Drivers/STM32F3xx_HAL_Driver/Src/stm32f3xx_hal.o
 .debug_macro   0x00000cf9       0x22 Drivers/STM32F3xx_HAL_Driver/Src/stm32f3xx_hal.o
 .debug_macro   0x00000d1b       0x87 Drivers/STM32F3xx_HAL_Driver/Src/stm32f3xx_hal.o
 .debug_macro   0x00000da2       0x51 Drivers/STM32F3xx_HAL_Driver/Src/stm32f3xx_hal.o
 .debug_macro   0x00000df3       0xef Drivers/STM32F3xx_HAL_Driver/Src/stm32f3xx_hal.o
 .debug_macro   0x00000ee2       0x6a Drivers/STM32F3xx_HAL_Driver/Src/stm32f3xx_hal.o
 .debug_macro   0x00000f4c      0x1df Drivers/STM32F3xx_HAL_Driver/Src/stm32f3xx_hal.o
 .debug_macro   0x0000112b       0x35 Drivers/STM32F3xx_HAL_Driver/Src/stm32f3xx_hal.o
 .debug_macro   0x00001160       0x50 Drivers/STM32F3xx_HAL_Driver/Src/stm32f3xx_hal.o
 .debug_macro   0x000011b0      0xe66 Drivers/STM32F3xx_HAL_Driver/Src/stm32f3xx_hal.o
 .debug_macro   0x00002016    0x12a56 Drivers/STM32F3xx_HAL_Driver/Src/stm32f3xx_hal.o
 .debug_macro   0x00014a6c       0x43 Drivers/STM32F3xx_HAL_Driver/Src/stm32f3xx_hal.o
 .debug_macro   0x00014aaf       0x58 Drivers/STM32F3xx_HAL_Driver/Src/stm32f3xx_hal.o
 .debug_macro   0x00014b07       0x35 Drivers/STM32F3xx_HAL_Driver/Src/stm32f3xx_hal.o
 .debug_macro   0x00014b3c       0x9c Drivers/STM32F3xx_HAL_Driver/Src/stm32f3xx_hal.o
 .debug_macro   0x00014bd8       0x16 Drivers/STM32F3xx_HAL_Driver/Src/stm32f3xx_hal.o
 .debug_macro   0x00014bee       0x97 Drivers/STM32F3xx_HAL_Driver/Src/stm32f3xx_hal.o
 .debug_macro   0x00014c85      0x330 Drivers/STM32F3xx_HAL_Driver/Src/stm32f3xx_hal.o
 .debug_macro   0x00014fb5       0xfd Drivers/STM32F3xx_HAL_Driver/Src/stm32f3xx_hal.o
 .debug_macro   0x000150b2       0x10 Drivers/STM32F3xx_HAL_Driver/Src/stm32f3xx_hal.o
 .debug_macro   0x000150c2       0x58 Drivers/STM32F3xx_HAL_Driver/Src/stm32f3xx_hal.o
 .debug_macro   0x0001511a       0x1f Drivers/STM32F3xx_HAL_Driver/Src/stm32f3xx_hal.o
 .debug_macro   0x00015139       0x43 Drivers/STM32F3xx_HAL_Driver/Src/stm32f3xx_hal.o
 .debug_macro   0x0001517c       0x20 Drivers/STM32F3xx_HAL_Driver/Src/stm32f3xx_hal.o
 .debug_macro   0x0001519c      0x187 Drivers/STM32F3xx_HAL_Driver/Src/stm32f3xx_hal.o
 .debug_macro   0x00015323       0x10 Drivers/STM32F3xx_HAL_Driver/Src/stm32f3xx_hal.o
 .debug_macro   0x00015333       0x1c Drivers/STM32F3xx_HAL_Driver/Src/stm32f3xx_hal.o
 .debug_macro   0x0001534f       0x52 Drivers/STM32F3xx_HAL_Driver/Src/stm32f3xx_hal.o
 .debug_macro   0x000153a1       0x40 Drivers/STM32F3xx_HAL_Driver/Src/stm32f3xx_hal.o
 .debug_macro   0x000153e1       0x10 Drivers/STM32F3xx_HAL_Driver/Src/stm32f3xx_hal.o
 .debug_macro   0x000153f1       0x40 Drivers/STM32F3xx_HAL_Driver/Src/stm32f3xx_hal.o
 .debug_macro   0x00015431       0xd7 Drivers/STM32F3xx_HAL_Driver/Src/stm32f3xx_hal.o
 .debug_macro   0x00015508       0x16 Drivers/STM32F3xx_HAL_Driver/Src/stm32f3xx_hal.o
 .debug_macro   0x0001551e      0x18b Drivers/STM32F3xx_HAL_Driver/Src/stm32f3xx_hal.o
 .debug_macro   0x000156a9       0x49 Drivers/STM32F3xx_HAL_Driver/Src/stm32f3xx_hal.o
 .debug_macro   0x000156f2      0x968 Drivers/STM32F3xx_HAL_Driver/Src/stm32f3xx_hal.o
 .debug_macro   0x0001605a      0x5fe Drivers/STM32F3xx_HAL_Driver/Src/stm32f3xx_hal.o
 .debug_macro   0x00016658      0x13a Drivers/STM32F3xx_HAL_Driver/Src/stm32f3xx_hal.o
 .debug_macro   0x00016792      0x1fb Drivers/STM32F3xx_HAL_Driver/Src/stm32f3xx_hal.o
 .debug_macro   0x0001698d      0x1bc Drivers/STM32F3xx_HAL_Driver/Src/stm32f3xx_hal.o
 .debug_macro   0x00016b49       0x31 Drivers/STM32F3xx_HAL_Driver/Src/stm32f3xx_hal.o
 .debug_macro   0x00016b7a       0x3c Drivers/STM32F3xx_HAL_Driver/Src/stm32f3xx_hal.o
 .debug_macro   0x00016bb6      0x23a Drivers/STM32F3xx_HAL_Driver/Src/stm32f3xx_hal.o
 .debug_macro   0x00016df0       0xcb Drivers/STM32F3xx_HAL_Driver/Src/stm32f3xx_hal.o
 .debug_macro   0x00016ebb      0x22b Drivers/STM32F3xx_HAL_Driver/Src/stm32f3xx_hal.o
 .debug_macro   0x000170e6      0x202 Drivers/STM32F3xx_HAL_Driver/Src/stm32f3xx_hal.o
 .debug_macro   0x000172e8       0x5b Drivers/STM32F3xx_HAL_Driver/Src/stm32f3xx_hal.o
 .debug_macro   0x00017343       0x90 Drivers/STM32F3xx_HAL_Driver/Src/stm32f3xx_hal.o
 .debug_macro   0x000173d3       0x82 Drivers/STM32F3xx_HAL_Driver/Src/stm32f3xx_hal.o
 .debug_macro   0x00017455       0xd3 Drivers/STM32F3xx_HAL_Driver/Src/stm32f3xx_hal.o
 .debug_macro   0x00017528      0x6af Drivers/STM32F3xx_HAL_Driver/Src/stm32f3xx_hal.o
 .debug_macro   0x00017bd7      0x38a Drivers/STM32F3xx_HAL_Driver/Src/stm32f3xx_hal.o
 .debug_macro   0x00017f61      0x26e Drivers/STM32F3xx_HAL_Driver/Src/stm32f3xx_hal.o
 .debug_macro   0x000181cf      0x300 Drivers/STM32F3xx_HAL_Driver/Src/stm32f3xx_hal_cortex.o
 .debug_macro   0x000184cf      0x338 Drivers/STM32F3xx_HAL_Driver/Src/stm32f3xx_hal_gpio.o
 .debug_macro   0x00018807      0x324 Drivers/STM32F3xx_HAL_Driver/Src/stm32f3xx_hal_rcc.o
 .debug_macro   0x00018b2b      0x300 Drivers/STM32F3xx_HAL_Driver/Src/stm32f3xx_hal_tim.o
 .debug_macro   0x00018e2b      0x30c Drivers/STM32F3xx_HAL_Driver/Src/stm32f3xx_hal_tim_ex.o
 .debug_macro   0x00019137      0x30a Src/gpio.o
 .debug_macro   0x00019441      0x31c Src/main.o
 .debug_macro   0x0001975d      0x30a Src/servo_car.o
 .debug_macro   0x00019a67      0x300 Src/stm32f3xx_hal_msp.o
 .debug_macro   0x00019d67      0x30a Src/stm32f3xx_it.o
 .debug_macro   0x0001a071      0x306 Src/system_stm32f3xx.o
 .debug_macro   0x0001a377      0x30a Src/tim.o

.debug_line     0x00000000     0xb102
 .debug_line    0x00000000      0x8eb Drivers/STM32F3xx_HAL_Driver/Src/stm32f3xx_hal.o
 .debug_line    0x000008eb      0x9f2 Drivers/STM32F3xx_HAL_Driver/Src/stm32f3xx_hal_cortex.o
 .debug_line    0x000012dd      0x9cd Drivers/STM32F3xx_HAL_Driver/Src/stm32f3xx_hal_gpio.o
 .debug_line    0x00001caa      0xd85 Drivers/STM32F3xx_HAL_Driver/Src/stm32f3xx_hal_rcc.o
 .debug_line    0x00002a2f     0x3961 Drivers/STM32F3xx_HAL_Driver/Src/stm32f3xx_hal_tim.o
 .debug_line    0x00006390     0x17fb Drivers/STM32F3xx_HAL_Driver/Src/stm32f3xx_hal_tim_ex.o
 .debug_line    0x00007b8b      0x753 Src/gpio.o
 .debug_line    0x000082de      0x7c3 Src/main.o
 .debug_line    0x00008aa1      0x769 Src/servo_car.o
 .debug_line    0x0000920a      0x75d Src/stm32f3xx_hal_msp.o
 .debug_line    0x00009967      0x7e3 Src/stm32f3xx_it.o
 .debug_line    0x0000a14a      0x787 Src/system_stm32f3xx.o
 .debug_line    0x0000a8d1      0x7b2 Src/tim.o
 .debug_line    0x0000b083       0x7f startup/startup_stm32f303xc.o

.debug_str      0x00000000    0x92e91
 .debug_str     0x00000000    0x90a53 Drivers/STM32F3xx_HAL_Driver/Src/stm32f3xx_hal.o
                              0x90db2 (size before relaxing)
 .debug_str     0x00090a53      0x40e Drivers/STM32F3xx_HAL_Driver/Src/stm32f3xx_hal_cortex.o
                              0x90ec9 (size before relaxing)
 .debug_str     0x00090e61      0x2ae Drivers/STM32F3xx_HAL_Driver/Src/stm32f3xx_hal_gpio.o
                              0x9088d (size before relaxing)
 .debug_str     0x0009110f      0x40d Drivers/STM32F3xx_HAL_Driver/Src/stm32f3xx_hal_rcc.o
                              0x90a97 (size before relaxing)
 .debug_str     0x0009151c     0x1158 Drivers/STM32F3xx_HAL_Driver/Src/stm32f3xx_hal_tim.o
                              0x9173c (size before relaxing)
 .debug_str     0x00092674      0x5ce Drivers/STM32F3xx_HAL_Driver/Src/stm32f3xx_hal_tim_ex.o
                              0x911a2 (size before relaxing)
 .debug_str     0x00092c42       0x25 Src/gpio.o
                              0x90582 (size before relaxing)
 .debug_str     0x00092c67       0x69 Src/main.o
                              0x90f68 (size before relaxing)
 .debug_str     0x00092cd0       0x2c Src/servo_car.o
                              0x90914 (size before relaxing)
 .debug_str     0x00092cfc       0x1b Src/stm32f3xx_hal_msp.o
                              0x909e8 (size before relaxing)
 .debug_str     0x00092d17       0xb8 Src/stm32f3xx_it.o
                              0x905de (size before relaxing)
 .debug_str     0x00092dcf       0x6e Src/system_stm32f3xx.o
                              0x90622 (size before relaxing)
 .debug_str     0x00092e3d       0x54 Src/tim.o
                              0x90c00 (size before relaxing)

.comment        0x00000000       0x7f
 .comment       0x00000000       0x7f Drivers/STM32F3xx_HAL_Driver/Src/stm32f3xx_hal.o
                                 0x80 (size before relaxing)
 .comment       0x0000007f       0x80 Drivers/STM32F3xx_HAL_Driver/Src/stm32f3xx_hal_cortex.o
 .comment       0x0000007f       0x80 Drivers/STM32F3xx_HAL_Driver/Src/stm32f3xx_hal_gpio.o
 .comment       0x0000007f       0x80 Drivers/STM32F3xx_HAL_Driver/Src/stm32f3xx_hal_rcc.o
 .comment       0x0000007f       0x80 Drivers/STM32F3xx_HAL_Driver/Src/stm32f3xx_hal_tim.o
 .comment       0x0000007f       0x80 Drivers/STM32F3xx_HAL_Driver/Src/stm32f3xx_hal_tim_ex.o
 .comment       0x0000007f       0x80 Src/gpio.o
 .comment       0x0000007f       0x80 Src/main.o
 .comment       0x0000007f       0x80 Src/servo_car.o
 .comment       0x0000007f       0x80 Src/stm32f3xx_hal_msp.o
 .comment       0x0000007f       0x80 Src/stm32f3xx_it.o
 .comment       0x0000007f       0x80 Src/system_stm32f3xx.o
 .comment       0x0000007f       0x80 Src/tim.o

.debug_frame    0x00000000     0x175c
 .debug_frame   0x00000000      0x198 Drivers/STM32F3xx_HAL_Driver/Src/stm32f3xx_hal.o
 .debug_frame   0x00000198      0x17c Drivers/STM32F3xx_HAL_Driver/Src/stm32f3xx_hal_cortex.o
 .debug_frame   0x00000314       0xfc Drivers/STM32F3xx_HAL_Driver/Src/stm32f3xx_hal_gpio.o
 .debug_frame   0x00000410      0x164 Drivers/STM32F3xx_HAL_Driver/Src/stm32f3xx_hal_rcc.o
 .debug_frame   0x00000574      0xad0 Drivers/STM32F3xx_HAL_Driver/Src/stm32f3xx_hal_tim.o
 .debug_frame   0x00001044      0x4a0 Drivers/STM32F3xx_HAL_Driver/Src/stm32f3xx_hal_tim_ex.o
 .debug_frame   0x000014e4       0x28 Src/gpio.o
 .debug_frame   0x0000150c       0x68 Src/main.o
 .debug_frame   0x00001574       0x44 Src/servo_car.o
 .debug_frame   0x000015b8       0x2c Src/stm32f3xx_hal_msp.o
 .debug_frame   0x000015e4       0xa8 Src/stm32f3xx_it.o
 .debug_frame   0x0000168c       0x30 Src/system_stm32f3xx.o
 .debug_frame   0x000016bc       0x74 Src/tim.o
 .debug_frame   0x00001730       0x2c d:/ira/programs/eclipse/plugins/fr.ac6.mcu.externaltools.arm-none.win32_1.15.0.201708311556/tools/compiler/bin/../lib/gcc/arm-none-eabi/6.3.1/../../../../arm-none-eabi/lib/thumb/v7e-m/fpv4-sp/hard\libc_nano.a(lib_a-init.o)
